// Jest Snapshot v1, https://goo.gl/fbAQLP

exports[`ScreenWithScrolling should render scrollable screen 1`] = `
<View
  style={
    Array [
      Object {
        "backgroundColor": "#FFFFFF",
        "flex": 1,
      },
      Object {
        "backgroundColor": "#FFFFFF",
      },
    ]
  }
>
  Test child
</View>
`;
