// Jest Snapshot v1, https://goo.gl/fbAQLP

exports[`should render list subheader correctly 1`] = `
<Text
  numberOfLines={1}
  style={
    Array [
      Object {
        "color": "#4D4D4D",
        "fontFamily": "Aspira-Regular",
        "fontSize": 16,
        "fontWeight": "400",
        "lineHeight": 20,
      },
      Array [
        Object {
          "color": "#4D4D4D",
          "fontFamily": "Aspira-Medium",
          "fontSize": 14,
          "fontWeight": "500",
        },
        Object {},
        Object {
          "color": "#4D4D4D",
        },
        Array [
          Object {
            "color": "#4D4D4D",
            "fontSize": 12,
            "letterSpacing": 1.5,
            "paddingBottom": 8,
          },
          undefined,
        ],
      ],
    ]
  }
/>
`;
